# serializer version: 1
# name: TestReadFunctions.test_get_all_conditions_from_doc[IFTSTA0]
  AhbConditions(conditions_dict={<EdifactFormat.IFTSTA: 'IFTSTA'>: {'494': 'Das hier genannte Datum muss der Zeitpunkt sein, zu dem das Dokument erstellt wurde, oder ein Zeitpunkt, der davor liegt', '931': 'Format: ZZZ = +00', '27': 'Nur MP-ID aus Sparte Strom', '911': 'Format: Mögliche Werte: 1 bis n, je Nachricht bei 1 beginnend und fortlaufend aufsteigend', '504': 'Hinweis: Verwendung der ID des MaBiS-ZP', '951': 'Format: Zählpunktbezeichnu ng', '495': 'Der Zeitpunkt muss ≤ dem Wert im DE2380 des DTM+137 sein', '4': 'Wenn SG7 STS+Z02 nicht vorhanden.', '43': 'Wenn STS+Z01+Z07 vorhanden, dann sind nur Codes aus dem EBD-Cluster Zustimmung möglich.', '44': 'Wenn STS+Z01+Z08 vorhanden, dann sind nur Codes aus dem EBD-Cluster Ablehnung möglich.', '3': 'Wenn SG7 STS+Z01 nicht vorhanden.', '51': 'Es sind nur Codes aus dem EBD-Cluster Abweisung möglich.', '5': 'Wenn SG7 STS+Z03 nicht vorhanden.', '6': 'Wenn für das 3-Tupel (MaBiS-ZP, Betrachtungszeitraum, Version der Summenzeitreihe) dem BIKO der Prüfstatus vorliegt, so ist dieser immer zusammen mit dem Datenstatus zu übertragen.', '7': 'Wenn der Datenstatus "Abgerechnete Daten" bzw. "Abgerechnete Daten Korrektur-BKA" nicht vorhanden.', '8': 'Wenn derDatenstatus einer NZR vom BIKO an NB nicht vorhanden.', '45': 'Wenn STS+Z03+Z07 vorhanden, dann sind nur Codes aus dem EBD-Cluster Zustimmung möglich.', '46': 'Wenn STS+Z03+Z08 vorhanden, dann sind nur Codes aus dem EBD-Cluster Ablehnung möglich.', '16': 'Wenn MP-ID in SG1 NAD+MR in der Rolle BKV', '26': 'Wenn MP-ID in SG1 NAD+MR in der Rolle NB', '29': 'Wenn MP-ID in SG1 NAD+MR in der Rolle ÜNB', '10': 'Wenn Meldung des BKV/NB/ÜNB nach Fristeingeht.', '17': 'Wenn Meldung des BKV auf falscher Aggregationsebene eingeht.', '510': 'Hinweis: Es ist neben der Information über die Ablehnung auch der unverändert gebliebene Datenstatus informell mitzugeben.', '505': 'Hinweis: Verwendung der ID der Messlokation', '20': 'Wenn MP-ID in SG1 NAD+MR in der Rolle LF', '531': 'Vom MSBN in Schritt 1 des SD verwendete Vorgangsnummer, damit der LF diese bei der Bestellung einer Konfiguration beim MSBN, unter dem Vorbehalt, dass der MSB-Wechsel an der Messlokation erfolgreich sein wird, verwenden kann.', '496': 'Der Zeitpunkt muss > dem Wert im DE2380 des DTM+137 sein', '520': 'Hinweis: Zeitpunkt, zu dem der Wechsel erfolgt, falls er zustande kommt', '492': 'wenn MP-ID in NAD+MR aus Sparte Strom', '493': 'wenn MP-ID in NAD+MR aus Sparte Gas', '117': 'Wenn MP-ID in SG1 NAD+MR in der Rolle MSB', '521': 'Hinweis: Zeitpunkt, ab dem der MSBN tatsächlich den Messstellenbetrieb übernimmt', '522': 'Hinweis: Zeitpunkt, ab dem der gMSB den Messstellenbetrieb übernimmt', '28': 'Nur MP-ID aus Sparte Gas', '19': 'Wenn SG15 STS+Z24 nicht vorhanden.', '503': 'Hinweis: Auf Selbsteinbau eines iMS oder einer mME wird verzichtet', '47': 'Es sind nur Codes aus dem EBD-Cluster Ablehnung möglich.', '48': 'Es sind nur Codes aus dem EBD-Cluster Zustimmung möglich.', '506': 'Hinweis: Verwendung der ID der Marktlokation', '950': 'Format: Marktlokations-ID', '144': 'Wenn RFF+Z45 in dieser SG15 nicht vorhanden', '145': 'Wenn RFF+Z17 in dieser SG15 nicht vorhanden', '18': 'Wenn SG15 STS+Z19 nicht vorhanden.', '532': 'Hinweis: Verwendung der ID der Netzlokation', '533': 'Hinweis: Verwendung der ID der Steuerbaren Ressource', '960': 'Format: Netzlokations- ID', '961': 'Format: SR-ID', '76': 'Wenn MP-ID in SG1 NAD+MR in der Rolle ESA', '501': 'Hinweis: Aus QUOTES BGM DE1004', '502': 'Hinweis: Aus REQOTE BGM DE1004', '30': 'Wenn in dieser SG15 STS+Z20+Z32+A07:E_0207 vorhanden.', '129': 'Wenn STS+Z20+Z32+A99:E_0524 in dieser SG14 vorhanden', '130': 'Wenn STS+Z20+Z32+A99:E_0531 in dieser SG14 vorhanden', '519': 'Hinweis: Aus ORDERS BGM DE1004', '49': 'Wenn STS+Z25+Z30 vorhanden, dann sind nur Codes aus dem EBD-Cluster Zustimmung möglich.', '50': 'Wenn STS+Z25+Z31 vorhanden, dann sind nur Codes aus dem EBD-Cluster Ablehnung möglich.', '512': 'Hinweis: Aus MSCONS BGM DE1004', '23': 'Wenn SG15 STS+Z25+Z31+A06 / A09 / A10 / A11 / A13 / A14 / A15 / A16 vorhanden.', '31': 'Wenn in dieser SG16 in QTY in DE6411 KWH/K3 vorhanden.', '33': 'Wenn in dieser SG16 DTM+163 vorhanden.', '32': 'Wenn in dieser SG16 in QTY in DE6411 KWT/K5 vorhanden.', '530': 'Hinweis: Hier ist die Arbeit bzw. Leistung anzugeben, die der Sender der IFTSTA im Lieferschein für den von ihm genannten Zeitraum / Leistungsperiode erwartet hätte.', '902': 'Format: Wert darf nur positiv oder 0 sein', '906': 'Format: max. 3 Nachkommastellen', '78': 'Wenn STS+Z38 in dieser SG14 nicht vorhanden', '91': 'Wenn in diesem STS DE1131 = E_0472', '92': 'Wenn in diesem STS DE1131 = E_0501', '133': 'Wenn in diesem STS DE1131 = E_1003', '134': 'Wenn in diesem STS DE1131 = E_1002', '93': 'Wenn STS+Z37+Z13 vorhanden, dann sind nur Codes aus dem EBD-Cluster gescheitert möglich.', '94': 'Wenn STS+Z37+Z14 vorhanden, dann sind nur Codes aus dem EBD-Cluster erfolgreich möglich.', '107': 'Wenn STS+Z37+Z32 vorhanden, dann sind nur Codes aus dem EBD-Cluster Ablehnung möglich.', '77': 'Wenn STS+Z37+Z14 in dieser SG14 vorhanden', '83': 'Wenn STS+Z37+Z13+A04/ A05/A06:E_0472 in dieser SG14 vorhanden', '85': 'Wenn STS+Z37+Z32+A01: E_0501 in dieser SG14 vorhanden', '131': 'Wenn STS+Z37+Z13+A04/ A05/A06:E_1003 in dieser SG14 vorhanden', '132': 'Wenn STS+Z37+Z32+A01: E_1002 in dieser SG14 vorhanden', '903': 'Format: Möglicher Wert: 1', '79': 'Wenn STS+Z37 in dieser SG14 nicht vorhanden', '95': 'Wenn in diesem STS DE1131 = E_0499', '96': 'Wenn in diesem STS DE1131 = E_0487', '137': 'Wenn in diesem STS DE1131 = E_1005', '138': 'Wenn in diesem STS DE1131 = E_1020', '97': 'Wenn STS+Z38+Z13 vorhanden, dann sind nur Codes aus dem EBD-Cluster gescheitert möglich.', '98': 'Wenn STS+Z38+Z14vorhanden, dann sind nur Codes aus dem EBD-Cluster erfolgreich möglich.', '99': 'Wenn in diesem STS DE1131 = E_0487, dann ist nur der Code A01 möglich.', '139': 'Wenn in diesem STS DE1131 = E_1020, dann ist nur der Code A01 möglich.', '80': 'Wenn STS+Z38+Z14 in dieser SG14 vorhanden', '84': 'Wenn STS+Z38+Z13+A02: E_0499 in dieser SG14 vorhanden', '136': 'Wenn STS+Z38+Z13+A02: E_1005 in dieser SG14 vorhanden', '114': 'Wenn MP-ID in SG1 NAD+MS in der Rolle MSB', '115': 'Wenn MP-ID in SG1 NAD+MS in der Rolle NB', '118': 'Wenn in diesem STS DE1131 = E_0526', '119': 'Wenn in diesem STS DE1131 = E_0528', '120': 'Wenn in diesem STS DE1131 = E_0529', '121': 'Wenn in diesem STS DE1131 = E_0536', '140': 'Wenn in diesem STS DE9013 <> A01', '141': 'Wenn in diesem STS DE9013 = A01', '142': 'Wenn in diesem STS DE1131 = E_0535', '135': 'Wenn in dieser SG15 in STS+Z21 DE9013 = A99', '143': 'Wenn mehr als ein Grund vorliegt und die voranstehenden DE9013 dieses STS nicht ausreichen', '1': 'Wenn die Übermittlung nicht codierbarer Informationen nötig ist.', '525': 'Hinweis: Je SG14 sind nur Statusinformationen zu einer MSCONS enthalten', '57': 'Wenn in dieser SG15 STS das SG15 RFF+ACW nicht identisch mit dem SG15 RFF+ACW der SG15 STS+Z28 ist', '58': 'Wenn in dieser SG15 STS das SG15 RFF+ACW nicht identisch mit dem SG15 RFF+ACW der SG15 STS+Z29 ist', '59': 'Wenn in dieser SG15 STS das SG15 RFF+ACW nicht identisch mit dem SG15 RFF+ACW der SG15 STS+Z30 ist', '60': 'Wenn zusätzlich zum Fahrplananteil auch die Ausfallarbeit zu identischem Wert aus RFF+ACW nicht o.k. ist', '62': 'Wenn STS+Z27+Z30 vorhanden, dann sind nur Codes aus dem EBD-Cluster Zustimmung möglich.', '63': 'Wenn STS+Z27+Z32 vorhanden, dann sind nur Codes aus dem EBD-Cluster Ablehnung möglich.', '523': 'Hinweis: Wert aus BGM DE1004 der MSCONS, auf die sich die Statusangabe bezieht', '72': 'Wenn Gegenvorschlag erstellt werden kann', '524': 'Hinweis: Wert aus BGM DE1004 der MSCONS, die den Gegenvorschlag enthält', '52': 'Wenn STS+Z27+Z32 vorhanden', '56': 'Wenn in dieser SG15 STS das SG15 RFF+ACW nicht identisch mit dem SG15 RFF+ACW der SG15 STS+Z27 ist', '61': 'Wenn zusätzlich zur Ausfallarbeit auch der Fahrplananteil zu identischem Wert aus RFF+ACW nicht o.k. ist', '64': 'Wenn STS+Z28+Z30 vorhanden, dann sind nur Codes aus dem EBD-Cluster Zustimmung möglich.', '65': 'Wenn STS+Z28+Z32 vorhanden, dann sind nur Codes aus dem EBD-Cluster Ablehnung möglich.', '53': 'Wenn STS+Z28+Z32 vorhanden', '70': 'Wenn zusätzlich zumGegenvorschlag des Fahrplananteils auch der Gegenvorschlag der Ausfallarbeit zu identischem Wert aus RFF+ACW nicht o.k. ist', '66': 'Wenn STS+Z29+Z30 vorhanden, dann sind nur Codes aus dem EBD-Cluster Zustimmung möglich.', '67': 'Wenn STS+Z29+Z32 vorhanden, dann sind nur Codes aus dem EBD-Cluster Ablehnung möglich.', '54': 'Wenn STS+Z29+Z32 vorhanden', '71': 'Wenn zusätzlich zum Gegenvorschlag der Ausfallarbeit auch der Gegenvorschlag des Fahrplananteils zu identischem Wert aus RFF+ACW nicht o.k. ist', '68': 'Wenn STS+Z30+Z30 vorhanden, dann sind nur Codes aus dem EBD-Cluster Zustimmung möglich.', '69': 'Wenn STS+Z30+Z32 vorhanden, dann sind nur Codes aus dem EBD-Cluster Ablehnung möglich.', '55': 'Wenn STS+Z30+Z32 vorhanden'}})
# ---
# name: TestReadFunctions.test_get_all_conditions_from_doc[IFTSTA0].1
  AhbPackageTable(table=Empty DataFrame
  Columns: []
  Index: [], package_dict={})
# ---
# name: TestReadFunctions.test_get_all_conditions_from_doc[IFTSTA1]
  AhbConditions(conditions_dict={<EdifactFormat.IFTSTA: 'IFTSTA'>: {'494': 'Das hier genannte Datum muss der Zeitpunkt sein, zu dem das Dokument erstellt wurde, oder ein Zeitpunkt, der davor liegt', '931': 'Format: ZZZ = +00', '27': 'Nur MP-ID aus Sparte Strom', '911': 'Format: Mögliche Werte: 1 bis n, je Nachricht bei 1 beginnend und fortlaufend aufsteigend', '504': 'Hinweis: Verwendung der ID des MaBiS-ZP', '951': 'Format: Zählpunktbezeichnu ng', '495': 'Der Zeitpunkt muss ≤ dem Wert im DE2380 des DTM+137 sein', '4': 'Wenn SG7 STS+Z02 nicht vorhanden.', '43': 'Wenn STS+Z01+Z07 vorhanden, dann sind nur Codes aus dem EBD-Cluster Zustimmung möglich.', '44': 'Wenn STS+Z01+Z08 vorhanden, dann sind nur Codes aus dem EBD-Cluster Ablehnung möglich.', '3': 'Wenn SG7 STS+Z01 nicht vorhanden.', '51': 'Es sind nur Codes aus dem EBD-Cluster Abweisung möglich.', '5': 'Wenn SG7 STS+Z03 nicht vorhanden.', '6': 'Wenn für das 3-Tupel (MaBiS-ZP, Betrachtungszeitraum, Version der Summenzeitreihe) dem BIKO der Prüfstatus vorliegt, so ist dieser immer zusammen mit dem Datenstatus zu übertragen.', '7': 'Wenn der Datenstatus "Abgerechnete Daten" bzw. "Abgerechnete Daten Korrektur-BKA" nicht vorhanden.', '8': 'Wenn derDatenstatus einer NZR vom BIKO an NB nicht vorhanden.', '45': 'Wenn STS+Z03+Z07 vorhanden, dann sind nur Codes aus dem EBD-Cluster Zustimmung möglich.', '46': 'Wenn STS+Z03+Z08 vorhanden, dann sind nur Codes aus dem EBD-Cluster Ablehnung möglich.', '16': 'Wenn MP-ID in SG1 NAD+MR in der Rolle BKV', '26': 'Wenn MP-ID in SG1 NAD+MR in der Rolle NB', '29': 'Wenn MP-ID in SG1 NAD+MR in der Rolle ÜNB', '10': 'Wenn Meldung des BKV/NB/ÜNB nach Fristeingeht.', '17': 'Wenn Meldung des BKV auf falscher Aggregationsebene eingeht.', '510': 'Hinweis: Es ist neben der Information über die Ablehnung auch der unverändert gebliebene Datenstatus informell mitzugeben.', '505': 'Hinweis: Verwendung der ID der Messlokation', '20': 'Wenn MP-ID in SG1 NAD+MR in der Rolle LF', '531': 'Vom MSBN in Schritt 1 des SD verwendete Vorgangsnummer, damit der LF diese bei der Bestellung einer Konfiguration beim MSBN, unter dem Vorbehalt, dass der MSB-Wechsel an der Messlokation erfolgreich sein wird, verwenden kann.', '496': 'Der Zeitpunkt muss > dem Wert im DE2380 des DTM+137 sein', '520': 'Hinweis: Zeitpunkt, zu dem der Wechsel erfolgt, falls er zustande kommt', '492': 'wenn MP-ID in NAD+MR aus Sparte Strom', '493': 'wenn MP-ID in NAD+MR aus Sparte Gas', '117': 'Wenn MP-ID in SG1 NAD+MR in der Rolle MSB', '521': 'Hinweis: Zeitpunkt, ab dem der MSBN tatsächlich den Messstellenbetrieb übernimmt', '522': 'Hinweis: Zeitpunkt, ab dem der gMSB den Messstellenbetrieb übernimmt', '28': 'Nur MP-ID aus Sparte Gas', '19': 'Wenn SG15 STS+Z24 nicht vorhanden.', '503': 'Hinweis: Auf Selbsteinbau eines iMS oder einer mME wird verzichtet', '47': 'Es sind nur Codes aus dem EBD-Cluster Ablehnung möglich.', '48': 'Es sind nur Codes aus dem EBD-Cluster Zustimmung möglich.', '506': 'Hinweis: Verwendung der ID der Marktlokation', '950': 'Format: Marktlokations-ID', '144': 'Wenn RFF+Z45 in dieser SG15 nicht vorhanden', '145': 'Wenn RFF+Z17 in dieser SG15 nicht vorhanden', '18': 'Wenn SG15 STS+Z19 nicht vorhanden.', '532': 'Hinweis: Verwendung der ID der Netzlokation', '533': 'Hinweis: Verwendung der ID der Steuerbaren Ressource', '960': 'Format: Netzlokations- ID', '961': 'Format: SR-ID', '76': 'Wenn MP-ID in SG1 NAD+MR in der Rolle ESA', '501': 'Hinweis: Aus QUOTES BGM DE1004', '502': 'Hinweis: Aus REQOTE BGM DE1004', '30': 'Wenn in dieser SG15 STS+Z20+Z32+A07:E_0207 vorhanden.', '129': 'Wenn STS+Z20+Z32+A99:E_0524 in dieser SG14 vorhanden', '130': 'Wenn STS+Z20+Z32+A99:E_0531 in dieser SG14 vorhanden', '519': 'Hinweis: Aus ORDERS BGM DE1004', '49': 'Wenn STS+Z25+Z30 vorhanden, dann sind nur Codes aus dem EBD-Cluster Zustimmung möglich.', '50': 'Wenn STS+Z25+Z31 vorhanden, dann sind nur Codes aus dem EBD-Cluster Ablehnung möglich.', '512': 'Hinweis: Aus MSCONS BGM DE1004', '23': 'Wenn SG15 STS+Z25+Z31+A06 / A09 / A10 / A11 / A13 / A14 / A15 / A16 vorhanden.', '31': 'Wenn in dieser SG16 in QTY in DE6411 KWH/K3 vorhanden.', '33': 'Wenn in dieser SG16 DTM+163 vorhanden.', '32': 'Wenn in dieser SG16 in QTY in DE6411 KWT/K5 vorhanden.', '530': 'Hinweis: Hier ist die Arbeit bzw. Leistung anzugeben, die der Sender der IFTSTA im Lieferschein für den von ihm genannten Zeitraum / Leistungsperiode erwartet hätte.', '902': 'Format: Wert darf nur positiv oder 0 sein', '906': 'Format: max. 3 Nachkommastellen', '78': 'Wenn STS+Z38 in dieser SG14 nicht vorhanden', '91': 'Wenn in diesem STS DE1131 = E_0472', '92': 'Wenn in diesem STS DE1131 = E_0501', '133': 'Wenn in diesem STS DE1131 = E_1003', '134': 'Wenn in diesem STS DE1131 = E_1002', '93': 'Wenn STS+Z37+Z13 vorhanden, dann sind nur Codes aus dem EBD-Cluster gescheitert möglich.', '94': 'Wenn STS+Z37+Z14 vorhanden, dann sind nur Codes aus dem EBD-Cluster erfolgreich möglich.', '107': 'Wenn STS+Z37+Z32 vorhanden, dann sind nur Codes aus dem EBD-Cluster Ablehnung möglich.', '77': 'Wenn STS+Z37+Z14 in dieser SG14 vorhanden', '83': 'Wenn STS+Z37+Z13+A04/ A05/A06:E_0472 in dieser SG14 vorhanden', '85': 'Wenn STS+Z37+Z32+A01: E_0501 in dieser SG14 vorhanden', '131': 'Wenn STS+Z37+Z13+A04/ A05/A06:E_1003 in dieser SG14 vorhanden', '132': 'Wenn STS+Z37+Z32+A01: E_1002 in dieser SG14 vorhanden', '903': 'Format: Möglicher Wert: 1', '79': 'Wenn STS+Z37 in dieser SG14 nicht vorhanden', '95': 'Wenn in diesem STS DE1131 = E_0499', '96': 'Wenn in diesem STS DE1131 = E_0487', '137': 'Wenn in diesem STS DE1131 = E_1005', '138': 'Wenn in diesem STS DE1131 = E_1020', '97': 'Wenn STS+Z38+Z13 vorhanden, dann sind nur Codes aus dem EBD-Cluster gescheitert möglich.', '98': 'Wenn STS+Z38+Z14vorhanden, dann sind nur Codes aus dem EBD-Cluster erfolgreich möglich.', '99': 'Wenn in diesem STS DE1131 = E_0487, dann ist nur der Code A01 möglich.', '139': 'Wenn in diesem STS DE1131 = E_1020, dann ist nur der Code A01 möglich.', '80': 'Wenn STS+Z38+Z14 in dieser SG14 vorhanden', '84': 'Wenn STS+Z38+Z13+A02: E_0499 in dieser SG14 vorhanden', '136': 'Wenn STS+Z38+Z13+A02: E_1005 in dieser SG14 vorhanden', '114': 'Wenn MP-ID in SG1 NAD+MS in der Rolle MSB', '115': 'Wenn MP-ID in SG1 NAD+MS in der Rolle NB', '118': 'Wenn in diesem STS DE1131 = E_0526', '119': 'Wenn in diesem STS DE1131 = E_0528', '120': 'Wenn in diesem STS DE1131 = E_0529', '121': 'Wenn in diesem STS DE1131 = E_0536', '140': 'Wenn in diesem STS DE9013 <> A01', '141': 'Wenn in diesem STS DE9013 = A01', '142': 'Wenn in diesem STS DE1131 = E_0535', '135': 'Wenn in dieser SG15 in STS+Z21 DE9013 = A99', '143': 'Wenn mehr als ein Grund vorliegt und die voranstehenden DE9013 dieses STS nicht ausreichen', '1': 'Wenn die Übermittlung nicht codierbarer Informationen nötig ist.', '525': 'Hinweis: Je SG14 sind nur Statusinformationen zu einer MSCONS enthalten', '57': 'Wenn in dieser SG15 STS das SG15 RFF+ACW nicht identisch mit dem SG15 RFF+ACW der SG15 STS+Z28 ist', '58': 'Wenn in dieser SG15 STS das SG15 RFF+ACW nicht identisch mit dem SG15 RFF+ACW der SG15 STS+Z29 ist', '59': 'Wenn in dieser SG15 STS das SG15 RFF+ACW nicht identisch mit dem SG15 RFF+ACW der SG15 STS+Z30 ist', '60': 'Wenn zusätzlich zum Fahrplananteil auch die Ausfallarbeit zu identischem Wert aus RFF+ACW nicht o.k. ist', '62': 'Wenn STS+Z27+Z30 vorhanden, dann sind nur Codes aus dem EBD-Cluster Zustimmung möglich.', '63': 'Wenn STS+Z27+Z32 vorhanden, dann sind nur Codes aus dem EBD-Cluster Ablehnung möglich.', '523': 'Hinweis: Wert aus BGM DE1004 der MSCONS, auf die sich die Statusangabe bezieht', '72': 'Wenn Gegenvorschlag erstellt werden kann', '524': 'Hinweis: Wert aus BGM DE1004 der MSCONS, die den Gegenvorschlag enthält', '52': 'Wenn STS+Z27+Z32 vorhanden', '56': 'Wenn in dieser SG15 STS das SG15 RFF+ACW nicht identisch mit dem SG15 RFF+ACW der SG15 STS+Z27 ist', '61': 'Wenn zusätzlich zur Ausfallarbeit auch der Fahrplananteil zu identischem Wert aus RFF+ACW nicht o.k. ist', '64': 'Wenn STS+Z28+Z30 vorhanden, dann sind nur Codes aus dem EBD-Cluster Zustimmung möglich.', '65': 'Wenn STS+Z28+Z32 vorhanden, dann sind nur Codes aus dem EBD-Cluster Ablehnung möglich.', '53': 'Wenn STS+Z28+Z32 vorhanden', '70': 'Wenn zusätzlich zumGegenvorschlag des Fahrplananteils auch der Gegenvorschlag der Ausfallarbeit zu identischem Wert aus RFF+ACW nicht o.k. ist', '66': 'Wenn STS+Z29+Z30 vorhanden, dann sind nur Codes aus dem EBD-Cluster Zustimmung möglich.', '67': 'Wenn STS+Z29+Z32 vorhanden, dann sind nur Codes aus dem EBD-Cluster Ablehnung möglich.', '54': 'Wenn STS+Z29+Z32 vorhanden', '71': 'Wenn zusätzlich zum Gegenvorschlag der Ausfallarbeit auch der Gegenvorschlag des Fahrplananteils zu identischem Wert aus RFF+ACW nicht o.k. ist', '68': 'Wenn STS+Z30+Z30 vorhanden, dann sind nur Codes aus dem EBD-Cluster Zustimmung möglich.', '69': 'Wenn STS+Z30+Z32 vorhanden, dann sind nur Codes aus dem EBD-Cluster Ablehnung möglich.', '55': 'Wenn STS+Z30+Z32 vorhanden'}})
# ---
# name: TestReadFunctions.test_get_all_conditions_from_doc[IFTSTA1].1
  AhbPackageTable(table=Empty DataFrame
  Columns: []
  Index: [], package_dict={})
# ---
# name: TestReadFunctions.test_get_all_conditions_from_doc[ORDCHG]
  AhbConditions(conditions_dict={<EdifactFormat.ORDCHG: 'ORDCHG'>: {'494': 'Das hier genannte Datum muss der Zeitpunkt sein, zu dem das Dokument erstellt wurde, oder ein Zeitpunkt, der davor liegt.', '931': 'Format: ZZZ = +00', '2': 'Wenn BGM+Z51 (Sperrung) vorhanden', '3': 'Wenn BGM+Z52 (Entsperrung) vorhanden', '500': 'Hinweis: Dokumentennummer aus BGM DE1004 der ORDERS', '501': 'Hinweis: Wert aus BGM+Z33 DE1004 der IFTSTA mit der die Information über den Entsperrauftrag übermittelt wurde', '502': 'Hinweis: Vorgangsnummer aus CNI DE1490 der IFTSTA mit BGM+Z33 mit der die Information über den Entsperrauftrag übermittelt wurde', '1': 'MP-ID nur aus Sparte Strom'}})
# ---
# name: TestReadFunctions.test_get_all_conditions_from_doc[ORDCHG].1
  AhbPackageTable(table=Empty DataFrame
  Columns: []
  Index: [], package_dict={})
# ---
# name: TestReadFunctions.test_get_all_conditions_from_doc[ORDRSP]
  AhbConditions(conditions_dict={<EdifactFormat.ORDRSP: 'ORDRSP'>: {'494': 'Das hier genannte Datum muss der Zeitpunkt sein, zu dem das Dokument erstellt wurde, oder ein Zeitpunkt, der davor liegt.', '931': 'Format: ZZZ = +00', '521': 'Hinweis: Wert aus BGM+Z61/Z62/Z63 DE1004 der ORDERS, mit der die Anforderung von Stammdaten erfolgt ist', '4': 'Wenn MP-ID in SG3 NAD+MR mit Rolle LF vorhanden', '14': 'Wenn MP-ID in SG3 NAD+MR mit Rolle MSB vorhanden', '16': 'Wenn MP-ID in SG3 NAD+MR mit Rolle ÜNB vorhanden', '492': 'Wenn MP-ID in NAD+MR (Nachrichtenempfäng er) aus Sparte Strom', '493': 'Wenn MP-ID in NAD+MR (Nachrichtenempfäng er) aus Sparte Gas', '1': 'Wenn BGM+7 vorhanden', '522': 'Hinweis: Wert aus BGM+7/ Z28/Z48 DE1004 der ORDERS, mit der die Anforderung von Werten erfolgt ist.', '10': 'Wenn MP-ID in SG3 NAD+MS mit Rolle MSB vorhanden', '15': 'Wenn MP-ID in SG3 NAD+MR mit Rolle NB vorhanden', '523': 'Hinweis: Wert aus BGM+7 DE1004 der ORDERS, mit der die Anforderung Anforderung von Brennwert und Zustandszahl erfolgt ist.', '29': 'MP-ID nur aus Sparte Gas', '524': 'Hinweis: Wert aus BGM+Z14 DE1004 der ORDERS, mit der die Anfrage vom MSB Gas erfolgt ist.', '30': 'MP-ID nur aus Sparte Strom', '32': 'MP-ID mit Rolle NB', '31': 'MP-ID mit Rolle MSB', '525': 'Hinweis: Wert aus BGM+Z24 DE1004 der ORDERS, mit der die Anforderung Allokationsliste erfolgt ist', '526': 'Hinweis: Wert aus BGM+Z23 DE1004 der ORDERS, mit der die Anforderung bilanzierte Menge erfolgt ist', '529': 'Hinweis: Dokumentennummer aus BGM DE1004 der ORDERS', '17': 'Der hier angegebene Code des Prüfschritts muss im EBD dem Cluster Zustimmung zugeordnet sein', '18': 'Der hier angegebene Code des Prüfschritts muss im EBD dem Cluster Ablehnung zugeordnet sein', '24': 'Wenn BGM+Z51 vorhanden', '25': 'Wenn BGM+Z52 vorhanden', '27': 'Wenn AJT+A05+E_0470 vorhanden', '28': 'Wenn AJT+A99 vorhanden', '33': 'Wenn AJT+A02/ A03+E_0488 vorhanden', '43': 'Wenn AJT+A02/ A03+E_1001 vorhanden', '44': 'Wenn AJT+A05+E_1000vorhanden', '11': 'Wenn AJT+A09+E_0470 vorhanden', '12': 'Wenn der NB eine unverbindliche Preisinformation angeben kann', '45': 'Wenn AJT+A09+E_1000 vorhanden', '2036': 'Pro Nachricht ist die SG27 genau einmal anzugeben', '903': 'Format: Möglicher Wert: 1', '37': 'Wenn in dieser Nachricht das SG8 CUX+2 vorhanden', '902': 'Format: Format: Möglicher Wert: ≥ 0', '930': 'Format: max. 2 Nachkommastellen', '533': 'Hinweis: Wert aus BGM+Z51 DE1004 der ORDCHG', '534': 'Hinweis: Wert aus BGM+Z52 DE1004 der ORDCHG', '539': 'Hinweis: Wert aus BGM+Z73/Z74 DE1004 der ORDERS, mit der die Bestellung der Konfiguration erfolgt ist.', '3': 'Wenn MP-ID in SG3 NAD+MS mit Rolle NB vorhanden', '49': 'nur, wenn in ursprünglicher Nachricht IMD++Z60 (Abbestellung Messprodukt mit Zählzeitdefinition des LF) vorhanden war', '66': 'wenn SG2 AJT+A01/A02/ A03+E_0544 vorhanden', '67': 'wenn SG2 AJT+A01/A02/ A03+E_0545 vorhanden', '68': 'wenn SG2 AJT+A02/ A03+E_0546 vorhanden', '69': 'wenn SG2 AJT+A01/A02/ A03+E_0547 vorhanden', '60': 'wenn es sich bei der Reklamation um die Reklamation der Übersicht der Zählzeitdefinitionen handelte', '61': 'wenn es sich bei der Reklamation um die Reklamation der Übersicht der Schaltzeitdefinitionen handelte', '62': 'wenn es sich bei der Reklamation um die Reklamation der Übersicht der Leistungskurvendefinitionen handelte', '63': 'Dokumentennummer aus BGM+Z60 DE1004 der UTILTS', '64': 'Dokumentennummer aus BGM+Z78 DE1004 der UTILTS', '65': 'Dokumentennummer aus BGM+Z79 DE1004 der UTILTS', '56': 'wenn SG2 AJT+A02/A03/ A06/A07/A10/A11+E_0548 vorhanden', '57': 'wenn SG2 AJT+A02/A03/ A06/A07/A10/A11+E_0549 vorhanden', '58': 'wenn SG2 AJT+A02/A03/ A06/A07+E_0550 vorhanden', '59': 'wenn SG2 AJT+A02/A03/ A06/A07/A10/A11+E_0551 vorhanden', '52': 'wenn es sich bei der Reklamation um die Reklamation der ausgerollten Leistungskurvendefinitionen handelte', '53': 'Vorgangsnummer aus IDE DE7402 der UTILTS mit BGM+Z59', '54': 'Vorgangsnummer aus IDE DE7402 der UTILTS mit BGM+Z80', '55': 'Vorgangsnummer aus IDE DE7402 der UTILTS mit BGM+Z81', '70': 'wenn es sich bei der Reklamation um die Reklamation der ausgerollten Zählzeitdefinitionen handelte', '71': 'wenn es sich bei der Reklamation um die Reklamation der ausgerollten Schaltzeitdefinitionen handelte', '5': 'Wenn MP-ID in SG3 NAD+MS mit Rolle LF vorhanden', '537': 'Hinweis: Wert aus BGM+Z72 DE1004 der ORDERS, mit der die Bestellung Beendigung der Konfiguration erfolgt ist.', '46': 'Wenn AJT+A06+E_0552 vorhanden', '47': 'Wenn AJT+A06+E_0553 vorhanden', '48': 'Wenn AJT+A06+E_0554 vorhanden', '538': 'Hinweis: Wert aus BGM+Z76 DE1004 der ORDERS, mit der die Reklamation der Konfiguration erfolgt ist.', '72': 'wenn AJT+A04+E_0552 vorhanden', '73': 'wenn AJT+A04+E_0553 vorhanden', '74': 'wenn AJT+A04+E_0554 vorhanden', '527': 'Hinweis: Wert aus BGM+Z34 DE1004 der ORDERS, mit der die Reklamation von Werten erfolgt ist.', '518': 'Hinweis: Wert aus BGM+Z10 DE1004 der ORDERS, mit der die Bestellung erfolgt ist', '500': 'Hinweis: Angabe eines technischen Ansprechpartners für die Geräteübernahme', '911': 'Format: Mögliche Werte: 1 bis n, je Nachricht oder Segmentgruppe bei 1 beginnend und fortlaufend aufsteigend', '19': 'Es sind nur die Artikelnummern erlaubt, die in der Codeliste der Artikelnummern des BDEW mit dem entsprechenden Prüfidentifikator versehen sind.', '501': 'Hinweis: Übernahme der Angabe aus der entsprechenden Position der ORDERS', '908': 'Format: Mögliche Werte: 1 bis n', '912': 'Format: max. 6 Nachkommastellen', '6': 'Übernahme der Angabe aus der ORDERS, wenn dort vorhanden', '502': 'Hinweis: Hinweis: Wert aus LIN DE1082 der ORDERS mit der die Bestellung erfolgt ist', '528': 'Hinweis: Der Summenbetrag ist entsprechend der Summe der Einzelbeträge der Bestellposition aufzuführen. Bei der Bestellbestätigung kann der Summenbetrag (netto) aus der ORDERS übernommen werden', '535': 'Hinweis: Wert aus BGM+Z13 DE1004 der ORDERS, mit der die Ankündigung Gerätewechselabsicht erfolgt ist.', '38': 'Möglicher Wert: ZB4 oder ZB5', '39': 'Möglicher Wert: E17 oder Z07', '42': 'Wenn SG2 AJT+Z07 (Antwortkategorie: Ablehnung (Keine Berechtigung)) vorhanden', '536': 'Hinweis: Es ist die MP-ID des Eigentümers (MSB) zur bilateralen Klärung anzugeben, wenn der angefragte MSB nicht selber der Eigentümer ist.', '41': 'wenn SG2 AJT (Einzelheiten zu einer Anpassung/Änderung) DE4465 mit Wert ZB5 vorhanden', '34': 'wenn vorhanden', '40': 'Wenn der Code im DE3207 in der "EDI@Energy Codeliste der europäischen Ländercodes" in der Spalte "PLZ vorhanden" ein "X" enthält', '503': 'Hinweis: Datum, bis zu dem der MSBA zur Fortführung verpflichtet wurde', '504': 'Hinweis: Ggf. korrigiert bei einer Zeitangabe in der ORDERS, die außerhalb des max. möglichen Weiterverpflichtungszeitraum s ist. Als Antwort wird dann in SG2 AJT Zustimmung mit Terminänderung angegeben.', '513': 'Hinweis: Wert aus BGM+Z12 DE1004 der ORDERS, mit der die Bestellung erfolgt ist.', '519': 'Hinweis: Wert aus BGM+7 DE1004 der ORDERS, mit der die Bestellung erfolgt ist.', '520': 'Hinweis: Wert aus BGM+Z29 DE1004 derORDERS, mit der die Anfrage zur Beendigung der Rechnungsabwicklung erfolgt ist.', '9': 'Wenn MP-ID in SG3 NAD+MS mit Rolle LF vorhanden', '530': 'Hinweis: Dokumentennummer aus BGM DE1004 der ORDCHG', '21': 'Wenn IMD++Z01vorhanden', '22': 'Wenn IMD++Z02 vorhanden', '23': 'Wenn IMD++Z03 vorhanden', '541': 'Hinweis: Wert aus BGM+Z84 DE1004 der ORDERS, mit der die Bestellung Änderung Netzentgelte aufgrund netzorientierter Steuerung erfolgt ist.'}})
# ---
# name: TestReadFunctions.test_get_all_conditions_from_doc[ORDRSP].1
  AhbPackageTable(table=Empty DataFrame
  Columns: []
  Index: [], package_dict={})
# ---
